Skipping windowed screenshot matrices by explicit no-focus release policy; all static and headless gates remain enabled.
$ python3 tools/validate_asset_pack.py
Asset pack validation failed:
- index.owner_directed_generated_overrides[7].source: missing assets/production/source_refs/generated/weapon_autocannon_icon_v2_raw_2026_07_21.png
- index.owner_directed_generated_overrides[7].source: missing assets/production/source_refs/generated/weapon_autocannon_icon_v2_prompt_2026_07_21.json
- index.owner_directed_generated_overrides[9].source: missing assets/production/source_refs/generated/boss_base_attack_redesign_2026_07_25/vfx_boss_base_rupture_chroma.png
- index.owner_directed_generated_overrides[9].source: missing assets/production/source_refs/generated/boss_base_attack_redesign_2026_07_25/vfx_boss_base_rupture_prompt.json
- index.owner_directed_generated_overrides[10].source: missing assets/production/source_refs/generated/boss_storm_lightning_redesign_2026_07_25/vfx_boss_storm_column_chroma.png
- index.owner_directed_generated_overrides[10].source: missing assets/production/source_refs/generated/boss_storm_lightning_redesign_2026_07_25/vfx_boss_storm_impact_chroma.png
- index.owner_directed_generated_overrides[10].source: missing assets/production/source_refs/generated/boss_storm_lightning_redesign_2026_07_25/vfx_boss_storm_lightning_prompt.json
- index.owner_directed_generated_overrides[13].derived: missing assets/production/source_refs/generated/character_weapon_combo_shooting_focus_sheet_2026_07_01.png
- index.owner_directed_generated_overrides[23].source: missing assets/production/source_refs/generated/final_p0_launch_source_prompt_2026_07_01.txt
- index.owner_directed_generated_overrides[24].source: missing assets/production/source_refs/generated/final_p0_ui_store_spec_2026_07_01.json
- index.owner_directed_generated_overrides[24].derived: missing assets/production/source_refs/generated/final_p0_replacement_contact_sheet_2026_07_01.png
- index.owner_directed_generated_overrides[25].source: missing assets/production/source_refs/generated/final_p0_ui_store_spec_2026_07_01.json
- index.owner_directed_generated_overrides[25].derived: missing assets/production/source_refs/generated/final_p0_replacement_contact_sheet_2026_07_01.png
- index.owner_directed_generated_overrides[27].source: missing assets/production/source_refs/generated/final_p0_ui_store_spec_2026_07_01.json
- index.owner_directed_generated_overrides[27].derived: missing assets/production/source_refs/generated/final_p0_replacement_contact_sheet_2026_07_01.png
- index.owner_directed_generated_overrides[47].source: missing assets/production/source_refs/generated/model_grip_fullregen_2026_07_03
- index.owner_directed_generated_overrides[47].source: missing assets/production/source_refs/generated/firing_pose_stage1_2026_07_03
- index.owner_directed_generated_overrides[47].derived: missing assets/production/source_refs/generated/firing_pose_full_model_2026_07_03/full_model_firing_pose_runtime_sheet_2026_07_03.png
- index.owner_directed_generated_overrides[48].source: missing assets/production/source_refs/generated/vfx_full_redo_stage1_2026_07_03/vfx_full_redo_stage1_manifest_2026_07_03.json
- index.owner_directed_generated_overrides[48].derived: missing assets/production/source_refs/generated/vfx_full_redo_stage1_2026_07_03/vfx_full_redo_stage1_actual_samples_sheet_2026_07_03.png
- index.owner_directed_generated_overrides[49].source: missing assets/production/source_refs/generated/vfx_full_redo_full_2026_07_03/vfx_full_redo_full_manifest_2026_07_03.json
- index.owner_directed_generated_overrides[49].derived: missing assets/production/source_refs/generated/vfx_full_redo_full_2026_07_03/vfx_full_redo_full_runtime_samples_sheet_2026_07_03.png
- index.owner_directed_generated_overrides[50].source: missing assets/production/source_refs/generated/skill_icon_regen_2026_07_04/skill_icon_regen_manifest_2026_07_04.json
- index.owner_directed_generated_overrides[50].derived: missing assets/production/source_refs/generated/skill_icon_regen_2026_07_04/skill_icon_regen_contact_sheet_2026_07_04.png
- index.owner_directed_generated_overrides[51].source: missing assets/production/source_refs/generated/sfx_expansion_2026_07_05/sfx_expansion_manifest_2026_07_05.json
- index.owner_directed_generated_overrides[51].derived: missing assets/production/source_refs/generated/sfx_expansion_2026_07_05/sfx_expansion_waveform_sheet_2026_07_05.png
- index.owner_directed_generated_overrides[52].source: missing assets/production/source_refs/generated/tall_battle_background_extension_2026_07_07/tall_battle_background_extension_manifest_2026_07_07.json
- index.owner_directed_generated_overrides[52].derived: missing assets/production/contact_sheets/contact_tall_battle_backgrounds_2026_07_07.png
- index.owner_directed_generated_overrides[53].source: missing assets/production/source_refs/generated/projectile_regen_2026_07_07/projectile_regen_manifest_2026_07_07.json
- index.owner_directed_generated_overrides[53].derived: missing tmp/projectile_regen_2026_07_07/projectile_regen_contact_sheet.png
- index.owner_directed_generated_overrides[54].source: missing assets/production/source_refs/generated/seamless_tall_battle_backgrounds_2026_07_08/seamless_tall_battle_backgrounds_manifest_2026_07_08.json
- index.owner_directed_generated_overrides[54].derived: missing assets/production/contact_sheets/contact_seamless_tall_battle_backgrounds_2026_07_08.png
- index.owner_directed_generated_overrides[55].source: missing assets/production/source_refs/generated/centered_fire_enrage_vfx_2026_07_08.json
- index.owner_directed_generated_overrides[55].derived: missing assets/production/contact_sheets/contact_centered_fire_enrage_vfx_2026_07_08.png
- index.owner_directed_generated_overrides[56].source: missing assets/production/source_refs/generated/native_button_reference_owner_2026_07_09.jpg
- index.owner_directed_generated_overrides[56].derived: missing assets/production/contact_sheets/contact_native_button_textures_2026_07_09.png
- index.owner_directed_generated_overrides[57].source: missing assets/production/source_refs/generated/barrier_glass_redo_2026_07_09/imagegen_barrier_source.png
- index.owner_directed_generated_overrides[57].source: missing assets/production/source_refs/generated/barrier_glass_redo_2026_07_09/barrier_glass_manifest.json
- index.owner_directed_generated_overrides[57].derived: missing assets/production/contact_sheets/barrier_glass_redo_2026_07_09.png
- index.owner_directed_generated_overrides[58].source: missing assets/production/source_refs/generated/hud_slot_hp_polish_2026_07_10/hud_slot_hp_polish_manifest.json
- index.owner_directed_generated_overrides[58].derived: missing assets/production/contact_sheets/hud_slot_hp_polish_2026_07_10.png
- index.owner_directed_generated_overrides[59].source: missing assets/production/source_refs/generated/wave_progress_native_2026_07_11/wave_progress_native_manifest.json
- index.owner_directed_generated_overrides[59].derived: missing assets/production/contact_sheets/wave_progress_native_2026_07_11.png
- index.owner_directed_generated_overrides[60].source: missing assets/production/source_refs/generated/zombie_model_redo_2026_07_26/zombie_model_redo_manifest.json
- index.owner_directed_generated_overrides[60].derived: missing assets/production/contact_sheets/contact_zombie_model_redo_2026_07_26.png
- index.owner_directed_generated_overrides[61].source: missing assets/production/source_refs/generated/character_shooting_animation_redesign_2026_07_26/chroma
- index.owner_directed_generated_overrides[61].source: missing assets/production/source_refs/generated/character_shooting_animation_redesign_2026_07_26/keyposes
- index.owner_directed_generated_overrides[61].source: missing assets/production/source_refs/generated/character_shooting_animation_redesign_2026_07_26/character_shooting_animation_manifest.json
- index.owner_directed_generated_overrides[61].derived: missing assets/production/source_refs/generated/character_shooting_animation_redesign_2026_07_26/character_shooting_animation_storyboard.png
- index.owner_directed_generated_overrides[61].derived: missing assets/production/contact_sheets/contact_character_shooting_actions_2026_07_26.png
- index.owner_directed_generated_overrides[63].source: missing assets/production/source_refs/generated/slow_field_v2_2026_08_03/prompt_log.md
- index.owner_directed_generated_overrides[63].derived: missing assets/production/source_refs/generated/slow_field_v2_2026_08_03/vfx_slow_field_boundary_master_black.png
- index.owner_directed_generated_overrides[63].derived: missing assets/production/source_refs/generated/slow_field_v2_2026_08_03/vfx_slow_field_surface_master_black.png
- index.owner_directed_generated_overrides[64].source: missing assets/production/source_refs/generated/semantic_tag_microframe_v2_2026_08_03/spec.md
- index.owner_directed_generated_overrides[65].source: missing assets/production/source_refs/generated/slow_field_v3_2026_08_10/prompt_log.md
- index.owner_directed_generated_overrides[65].derived: missing assets/production/source_refs/generated/slow_field_v3_2026_08_10/vfx_slow_field_boundary_master_black.png
- index.owner_directed_generated_overrides[65].derived: missing assets/production/source_refs/generated/slow_field_v3_2026_08_10/vfx_slow_field_surface_master_black.png
- index.items[1].source: missing assets/production/source_refs/generated/top_tier_character_weapon_action_spec_2026_07_03.json
- index.items[1].derived: missing assets/production/contact_sheets/contact_character_weapon_action_top_tier_2026_07_03.png
- index.items[2].source: missing assets/production/source_refs/generated/vfx_full_redo_full_2026_07_03/vfx_full_redo_full_manifest_2026_07_03.json
- index.items[2].derived: missing assets/production/source_refs/generated/vfx_full_redo_full_2026_07_03/vfx_full_redo_full_runtime_samples_sheet_2026_07_03.png
- index.items[3].source: missing assets/production/source_refs/generated/skill_icon_regen_2026_07_04/skill_icon_regen_manifest_2026_07_04.json
- index.items[3].derived: missing assets/production/source_refs/generated/skill_icon_regen_2026_07_04/skill_icon_regen_contact_sheet_2026_07_04.png
- index.items[4].source: missing assets/production/source_refs/generated/sfx_expansion_2026_07_05/sfx_expansion_manifest_2026_07_05.json
- index.items[4].derived: missing assets/production/source_refs/generated/sfx_expansion_2026_07_05/sfx_expansion_waveform_sheet_2026_07_05.png
- index.items[5].source: missing assets/production/source_refs/generated/background_fortress_alignment_2026_07_06.json
- index.items[5].derived: missing assets/production/contact_sheets/contact_background_fortress_alignment_2026_07_06.png
- index.items[6].source: missing assets/production/source_refs/generated/active_skill_vfx_review_2026_07_06/active_skill_vfx_manifest_2026_07_06.json
- index.items[6].derived: missing assets/production/contact_sheets/contact_fire_vfx_review_2026_07_06.png
- index.items[6].derived: missing assets/production/contact_sheets/contact_active_skill_vfx_review_2026_07_06.png
- index.items[7].source: missing assets/production/source_refs/generated/premium_combat_vfx_2026_07_26/premium_combat_vfx_manifest.json
- index.items[7].derived: missing assets/production/contact_sheets/premium_combat_vfx_2026_07_26.png
- index.generated_replacements[0].source: missing assets/production/source_refs/generated/weapon_sfx_realism_2026_07_07/weapon_sfx_realism_manifest_2026_07_07.json
- index.generated_replacements[0].derived: missing assets/production/source_refs/generated/weapon_sfx_realism_2026_07_07/weapon_sfx_realism_waveform_sheet_2026_07_07.png
- index.generated_replacements[1].source: missing assets/production/source_refs/generated/hit_sfx_impact_2026_07_08/hit_sfx_impact_manifest_2026_07_08.json
- index.generated_replacements[1].derived: missing assets/production/source_refs/generated/hit_sfx_impact_2026_07_08/hit_sfx_impact_waveform_sheet_2026_07_08.png
- index.generated_replacements[2].source: missing assets/production/source_refs/generated/centered_fire_enrage_vfx_2026_07_08.json
- index.generated_replacements[2].derived: missing assets/production/contact_sheets/contact_centered_fire_enrage_vfx_2026_07_08.png
- index.generated_replacements[3].source: missing assets/production/source_refs/generated/native_button_reference_owner_2026_07_09.jpg
- index.generated_replacements[3].derived: missing assets/production/contact_sheets/contact_native_button_textures_2026_07_09.png
- index.generated_replacements[4].source: missing assets/production/source_refs/generated/barrier_glass_redo_2026_07_09/barrier_glass_manifest.json
- index.generated_replacements[4].derived: missing assets/production/contact_sheets/barrier_glass_redo_2026_07_09.png
- index.generated_replacements[5].source: missing assets/production/source_refs/generated/menu_title_logo_2026_07_10/menu_title_logo_2026_07_10.md
- index.generated_replacements[6].source: missing assets/production/source_refs/generated/wave_progress_native_2026_07_11/wave_progress_native_manifest.json
- index.generated_replacements[6].derived: missing assets/production/contact_sheets/wave_progress_native_2026_07_11.png
- index.generated_replacements[7].source: missing assets/production/source_refs/generated/blaze_meltdown_vfx_reframe_2026_07_14/blaze_meltdown_sprite_sheet_candidate.png
- index.generated_replacements[7].derived: missing assets/production/contact_sheets/contact_blaze_meltdown_safe_sequence_2026_07_14.png
- index.generated_replacements[9].source: missing assets/production/source_refs/generated/boss_model_redo_2026_07_25/boss_model_redo_manifest.json
- index.generated_replacements[9].derived: missing assets/production/contact_sheets/contact_boss_model_redo_2026_07_25.png
- index.generated_replacements[10].source: missing assets/production/source_refs/generated/boss_base_attack_redesign_2026_07_25/vfx_boss_base_rupture_prompt.json
- index.generated_replacements[11].source: missing assets/production/source_refs/generated/boss_storm_lightning_redesign_2026_07_25/vfx_boss_storm_lightning_prompt.json
- index.generated_replacements[12].source: missing assets/production/source_refs/generated/combat_vfx_semantic_repair_2026_07_26/manifest.json
- index.generated_replacements[12].derived: missing assets/production/contact_sheets/contact_combat_vfx_semantic_repair_2026_07_26.png
- index.generated_replacements[13].source: missing assets/production/source_refs/generated/zombie_attack_animation_redesign_2026_07_26/zombie_attack_animation_manifest.json
- index.generated_replacements[13].derived: missing assets/production/source_refs/generated/zombie_attack_animation_redesign_2026_07_26/zombie_attack_animation_storyboard.png
- index.generated_replacements[13].derived: missing assets/production/contact_sheets/contact_zombie_attack_runtime_2026_07_26.png
- index.generated_replacements[14].source: missing assets/production/source_refs/generated/character_shooting_animation_redesign_2026_07_26/character_shooting_animation_manifest.json
- index.generated_replacements[14].derived: missing assets/production/source_refs/generated/character_shooting_animation_redesign_2026_07_26/character_shooting_animation_storyboard.png
- index.generated_replacements[28].source: missing assets/production/source_refs/generated/armor_release_prototypes_2026_08_03/prompt_log.md
- index.generated_replacements[28].derived: missing assets/production/source_refs/generated/armor_release_prototypes_2026_08_03/armor_apocalypse_conductor_chroma.png
- index.generated_replacements[28].derived: missing assets/production/source_refs/generated/armor_release_prototypes_2026_08_03/armor_apocalypse_molten_chroma.png
- index.generated_replacements[28].derived: missing assets/production/source_refs/generated/armor_release_prototypes_2026_08_03/armor_apocalypse_permafrost_chroma.png
- index.generated_replacements[28].derived: missing assets/production/source_refs/generated/armor_release_prototypes_2026_08_03/armor_apocalypse_eternal_night_chroma.png
- index.generated_replacements[32].source: missing assets/production/source_refs/generated/ui_detail_panel_clear_2026_08_10/prompt_log.md
- index.generated_replacements[32].derived: missing assets/production/source_refs/generated/ui_detail_panel_clear_2026_08_10/ui_detail_panel_clear_raw.png
- index.generated_replacements[33].source: missing assets/production/source_refs/generated/combat_foley_sfx_2026_08_13/prompt_log.md
- index.generated_replacements[33].derived: missing assets/production/source_refs/generated/combat_foley_sfx_2026_08_13/combat_foley_sfx_manifest_2026_08_13.json
- index.generated_replacements[33].derived: missing assets/production/source_refs/generated/combat_foley_sfx_2026_08_13/combat_foley_sfx_waveform_sheet_2026_08_13.png
- index.generated_replacements[34].source: missing assets/production/source_refs/generated/free_weapon_loadout_showcase_2026_08_15/prompt_log.md
- index.generated_replacements[34].derived: missing assets/production/source_refs/generated/free_weapon_loadout_showcase_2026_08_15/free_weapon_loadout_runtime_manifest_v1.json
- index.generated_replacements[34].derived: missing assets/production/source_refs/generated/free_weapon_loadout_showcase_2026_08_15/free_weapon_loadout_runtime_contact_sheet_v1.png
Release candidate check failed: python3 tools/validate_asset_pack.py
