Plan: 66 unique captures; HEAD=3ce33b29506442a5843e3ff4f9740ef140bf245e
[1/66] weapons_default_zh_1080x1920: 2.261s exit=0 issues=[]
[2/66] weapons_default_zh_1320x2868: 2.95s exit=0 issues=[]
[3/66] weapons_default_zh_750x1334: 1.725s exit=0 issues=[]
[4/66] loadout_default_zh: 2.161s exit=0 issues=[]
[5/66] weapons_default_en_1080x1920: 2.284s exit=0 issues=[]
[6/66] weapons_default_en_1320x2868: 2.965s exit=0 issues=[]
[7/66] weapons_default_en_750x1334: 1.756s exit=0 issues=[]
[8/66] loadout_default_en: 2.121s exit=0 issues=[]
[9/66] weapons_default_en_scroll1000: 2.293s exit=0 issues=[]
[10/66] weapons_default_en_scroll2000: 2.338s exit=0 issues=[]
[11/66] weapons_neon_tempest_zh_1080x1920: 2.312s exit=0 issues=[]
[12/66] weapons_neon_tempest_zh_1320x2868: 2.971s exit=0 issues=[]
[13/66] weapons_neon_tempest_zh_750x1334: 1.801s exit=0 issues=[]
[14/66] loadout_neon_tempest_zh: 2.23s exit=0 issues=[]
[15/66] weapons_neon_tempest_en_1080x1920: 2.25s exit=0 issues=[]
[16/66] weapons_neon_tempest_en_1320x2868: 3.012s exit=0 issues=[]
[17/66] weapons_neon_tempest_en_750x1334: 1.776s exit=0 issues=[]
[18/66] loadout_neon_tempest_en: 2.284s exit=0 issues=[]
[19/66] weapons_neon_tempest_en_scroll1000: 2.276s exit=0 issues=[]
[20/66] weapons_neon_tempest_en_scroll2000: 2.287s exit=0 issues=[]
[21/66] weapons_infernal_dominion_zh_1080x1920: 2.252s exit=0 issues=[]
[22/66] weapons_infernal_dominion_zh_1320x2868: 3.121s exit=0 issues=[]
[23/66] weapons_infernal_dominion_zh_750x1334: 1.82s exit=0 issues=[]
[24/66] loadout_infernal_dominion_zh: 2.188s exit=0 issues=[]
[25/66] weapons_infernal_dominion_en_1080x1920: 2.219s exit=0 issues=[]
[26/66] weapons_infernal_dominion_en_1320x2868: 3.162s exit=0 issues=[]
[27/66] weapons_infernal_dominion_en_750x1334: 1.794s exit=0 issues=[]
[28/66] loadout_infernal_dominion_en: 2.16s exit=0 issues=[]
[29/66] weapons_infernal_dominion_en_scroll1000: 2.337s exit=0 issues=[]
[30/66] weapons_infernal_dominion_en_scroll2000: 2.313s exit=0 issues=[]
[31/66] weapons_polar_aurora_zh_1080x1920: 2.207s exit=0 issues=[]
[32/66] weapons_polar_aurora_zh_1320x2868: 2.951s exit=0 issues=[]
[33/66] weapons_polar_aurora_zh_750x1334: 1.71s exit=0 issues=[]
[34/66] loadout_polar_aurora_zh: 2.138s exit=0 issues=[]
[35/66] weapons_polar_aurora_en_1080x1920: 2.285s exit=0 issues=[]
[36/66] weapons_polar_aurora_en_1320x2868: 3.015s exit=0 issues=[]
[37/66] weapons_polar_aurora_en_750x1334: 1.743s exit=0 issues=[]
[38/66] loadout_polar_aurora_en: 2.154s exit=0 issues=[]
[39/66] weapons_polar_aurora_en_scroll1000: 2.298s exit=0 issues=[]
[40/66] weapons_polar_aurora_en_scroll2000: 2.306s exit=0 issues=[]
[41/66] weapons_gilded_eclipse_zh_1080x1920: 2.155s exit=0 issues=[]
[42/66] weapons_gilded_eclipse_zh_1320x2868: 2.946s exit=0 issues=[]
[43/66] weapons_gilded_eclipse_zh_750x1334: 1.763s exit=0 issues=[]
[44/66] loadout_gilded_eclipse_zh: 2.119s exit=0 issues=[]
[45/66] weapons_gilded_eclipse_en_1080x1920: 2.161s exit=0 issues=[]
[46/66] weapons_gilded_eclipse_en_1320x2868: 2.969s exit=0 issues=[]
[47/66] weapons_gilded_eclipse_en_750x1334: 1.729s exit=0 issues=[]
[48/66] loadout_gilded_eclipse_en: 2.137s exit=0 issues=[]
[49/66] weapons_gilded_eclipse_en_scroll1000: 2.233s exit=0 issues=[]
[50/66] weapons_gilded_eclipse_en_scroll2000: 2.294s exit=0 issues=[]
[51/66] store_tall_detail_zh_com_gaojiasheng_zombiefire_theme_neon_tempest_scroll0: 2.439s exit=0 issues=['store_tall_detail_zh_com_gaojiasheng_zombiefire_theme_neon_tempest_scroll0 is labeled as a tall/device screen but its payload viewport_size (1080, 1920) is not taller than the 1920px baseline']
[52/66] store_tall_detail_zh_com_gaojiasheng_zombiefire_theme_neon_tempest_scroll10000: 2.417s exit=0 issues=['store_tall_detail_zh_com_gaojiasheng_zombiefire_theme_neon_tempest_scroll10000 is labeled as a tall/device screen but its payload viewport_size (1080, 1920) is not taller than the 1920px baseline']
[53/66] store_tall_detail_zh_com_gaojiasheng_zombiefire_theme_infernal_dominion_scroll0: 2.372s exit=0 issues=['store_tall_detail_zh_com_gaojiasheng_zombiefire_theme_infernal_dominion_scroll0 is labeled as a tall/device screen but its payload viewport_size (1080, 1920) is not taller than the 1920px baseline']
[54/66] store_tall_detail_zh_com_gaojiasheng_zombiefire_theme_infernal_dominion_scroll10000: 2.425s exit=0 issues=['store_tall_detail_zh_com_gaojiasheng_zombiefire_theme_infernal_dominion_scroll10000 is labeled as a tall/device screen but its payload viewport_size (1080, 1920) is not taller than the 1920px baseline']
[55/66] store_tall_detail_zh_com_gaojiasheng_zombiefire_theme_polar_aurora_scroll0: 2.454s exit=0 issues=['store_tall_detail_zh_com_gaojiasheng_zombiefire_theme_polar_aurora_scroll0 is labeled as a tall/device screen but its payload viewport_size (1080, 1920) is not taller than the 1920px baseline']
[56/66] store_tall_detail_zh_com_gaojiasheng_zombiefire_theme_polar_aurora_scroll10000: 2.407s exit=0 issues=['store_tall_detail_zh_com_gaojiasheng_zombiefire_theme_polar_aurora_scroll10000 is labeled as a tall/device screen but its payload viewport_size (1080, 1920) is not taller than the 1920px baseline']
[57/66] store_tall_detail_zh_com_gaojiasheng_zombiefire_theme_gilded_eclipse_scroll0: 2.458s exit=0 issues=['store_tall_detail_zh_com_gaojiasheng_zombiefire_theme_gilded_eclipse_scroll0 is labeled as a tall/device screen but its payload viewport_size (1080, 1920) is not taller than the 1920px baseline']
[58/66] store_tall_detail_zh_com_gaojiasheng_zombiefire_theme_gilded_eclipse_scroll10000: 2.401s exit=0 issues=['store_tall_detail_zh_com_gaojiasheng_zombiefire_theme_gilded_eclipse_scroll10000 is labeled as a tall/device screen but its payload viewport_size (1080, 1920) is not taller than the 1920px baseline']
[59/66] store_tall_detail_en_com_gaojiasheng_zombiefire_theme_neon_tempest_scroll0: 2.478s exit=0 issues=['store_tall_detail_en_com_gaojiasheng_zombiefire_theme_neon_tempest_scroll0 is labeled as a tall/device screen but its payload viewport_size (1080, 1920) is not taller than the 1920px baseline']
[60/66] store_tall_detail_en_com_gaojiasheng_zombiefire_theme_neon_tempest_scroll10000: 2.412s exit=0 issues=['store_tall_detail_en_com_gaojiasheng_zombiefire_theme_neon_tempest_scroll10000 is labeled as a tall/device screen but its payload viewport_size (1080, 1920) is not taller than the 1920px baseline']
[61/66] store_tall_detail_en_com_gaojiasheng_zombiefire_theme_infernal_dominion_scroll0: 2.465s exit=0 issues=['store_tall_detail_en_com_gaojiasheng_zombiefire_theme_infernal_dominion_scroll0 is labeled as a tall/device screen but its payload viewport_size (1080, 1920) is not taller than the 1920px baseline']
[62/66] store_tall_detail_en_com_gaojiasheng_zombiefire_theme_infernal_dominion_scroll10000: 2.468s exit=0 issues=['store_tall_detail_en_com_gaojiasheng_zombiefire_theme_infernal_dominion_scroll10000 is labeled as a tall/device screen but its payload viewport_size (1080, 1920) is not taller than the 1920px baseline']
[63/66] store_tall_detail_en_com_gaojiasheng_zombiefire_theme_polar_aurora_scroll0: 2.474s exit=0 issues=['store_tall_detail_en_com_gaojiasheng_zombiefire_theme_polar_aurora_scroll0 is labeled as a tall/device screen but its payload viewport_size (1080, 1920) is not taller than the 1920px baseline']
[64/66] store_tall_detail_en_com_gaojiasheng_zombiefire_theme_polar_aurora_scroll10000: 2.425s exit=0 issues=['store_tall_detail_en_com_gaojiasheng_zombiefire_theme_polar_aurora_scroll10000 is labeled as a tall/device screen but its payload viewport_size (1080, 1920) is not taller than the 1920px baseline']
[65/66] store_tall_detail_en_com_gaojiasheng_zombiefire_theme_gilded_eclipse_scroll0: 2.416s exit=0 issues=['store_tall_detail_en_com_gaojiasheng_zombiefire_theme_gilded_eclipse_scroll0 is labeled as a tall/device screen but its payload viewport_size (1080, 1920) is not taller than the 1920px baseline']
[66/66] store_tall_detail_en_com_gaojiasheng_zombiefire_theme_gilded_eclipse_scroll10000: 2.427s exit=0 issues=['store_tall_detail_en_com_gaojiasheng_zombiefire_theme_gilded_eclipse_scroll10000 is labeled as a tall/device screen but its payload viewport_size (1080, 1920) is not taller than the 1920px baseline']
