Godot Engine v4.7.stable.official.5b4e0cb0f - https://godotengine.org

ROUND3_SETTINGS (1080, 1920) zh privacy needed=144.0 available=150.0
ROUND3_SETTINGS (1080, 1920) zh support needed=144.0 available=150.0
ROUND3_SETTINGS (1080, 1920) zh help needed=144.0 available=150.0
ROUND3_SETTINGS (1080, 1920) en privacy needed=215.0 available=227.0
ROUND3_SETTINGS (1080, 1920) en support needed=172.0 available=181.0
ROUND3_SETTINGS (1080, 1920) en help needed=129.0 available=180.0
ROUND3_SETTINGS (1080, 2340) zh privacy needed=144.0 available=150.0
ROUND3_SETTINGS (1080, 2340) zh support needed=144.0 available=150.0
ROUND3_SETTINGS (1080, 2340) zh help needed=144.0 available=150.0
ROUND3_SETTINGS (1080, 2340) en privacy needed=215.0 available=227.0
ROUND3_SETTINGS (1080, 2340) en support needed=172.0 available=181.0
ROUND3_SETTINGS (1080, 2340) en help needed=129.0 available=180.0
ROUND3_SETTINGS (1320, 2868) zh privacy needed=144.0 available=150.0
ROUND3_SETTINGS (1320, 2868) zh support needed=144.0 available=150.0
ROUND3_SETTINGS (1320, 2868) zh help needed=144.0 available=150.0
ROUND3_SETTINGS (1320, 2868) en privacy needed=215.0 available=227.0
ROUND3_SETTINGS (1320, 2868) en support needed=172.0 available=181.0
ROUND3_SETTINGS (1320, 2868) en help needed=129.0 available=180.0
ROUND3_SMOKE_OK
