Godot Engine v4.7.stable.official.5b4e0cb0f - https://godotengine.org

ROUND3_SETTINGS (1080, 1920) zh privacy needed=144.0 available=150.0
ROUND3_SETTINGS (1080, 1920) zh support needed=144.0 available=150.0
ROUND3_SETTINGS (1080, 1920) zh help needed=144.0 available=150.0
ROUND3_SETTINGS (1080, 1920) en privacy needed=215.0 available=227.0
ROUND3_SETTINGS (1080, 1920) en support needed=172.0 available=181.0
ROUND3_SETTINGS (1080, 1920) en help needed=129.0 available=180.0
ROUND3_SETTINGS (1080, 2340) zh privacy needed=144.0 available=150.0
ROUND3_SETTINGS (1080, 2340) zh support needed=144.0 available=150.0
ROUND3_SETTINGS (1080, 2340) zh help needed=144.0 available=150.0
ROUND3_SETTINGS (1080, 2340) en privacy needed=215.0 available=227.0
ROUND3_SETTINGS (1080, 2340) en support needed=172.0 available=181.0
ROUND3_SETTINGS (1080, 2340) en help needed=129.0 available=180.0
ROUND3_SETTINGS (1320, 2868) zh privacy needed=144.0 available=150.0
ROUND3_SETTINGS (1320, 2868) zh support needed=144.0 available=150.0
ROUND3_SETTINGS (1320, 2868) zh help needed=144.0 available=150.0
ROUND3_SETTINGS (1320, 2868) en privacy needed=215.0 available=227.0
ROUND3_SETTINGS (1320, 2868) en support needed=172.0 available=181.0
ROUND3_SETTINGS (1320, 2868) en help needed=129.0 available=180.0
ROUND3_CHARACTER (1080, 1920) zh vanguard viewport=1204.0 footer=202.0 tail=246.0
ROUND3_CHARACTER (1080, 1920) zh blaze viewport=1204.0 footer=202.0 tail=246.0
ROUND3_CHARACTER (1080, 1920) zh frost viewport=1204.0 footer=202.0 tail=246.0
ROUND3_CHARACTER (1080, 1920) zh volt viewport=1204.0 footer=202.0 tail=246.0
ROUND3_CHARACTER (1080, 1920) en vanguard viewport=1204.0 footer=202.0 tail=246.0
ROUND3_CHARACTER (1080, 1920) en blaze viewport=1204.0 footer=202.0 tail=246.0
ROUND3_CHARACTER (1080, 1920) en frost viewport=1204.0 footer=202.0 tail=246.0
ROUND3_CHARACTER (1080, 1920) en volt viewport=1204.0 footer=202.0 tail=246.0
ROUND3_CHARACTER (1080, 2340) zh vanguard viewport=1624.0 footer=202.0 tail=246.0
ROUND3_CHARACTER (1080, 2340) zh blaze viewport=1624.0 footer=202.0 tail=246.0
ROUND3_CHARACTER (1080, 2340) zh frost viewport=1624.0 footer=202.0 tail=246.0
ROUND3_CHARACTER (1080, 2340) zh volt viewport=1624.0 footer=202.0 tail=246.0
ROUND3_CHARACTER (1080, 2340) en vanguard viewport=1624.0 footer=202.0 tail=246.0
ROUND3_CHARACTER (1080, 2340) en blaze viewport=1624.0 footer=202.0 tail=246.0
ROUND3_CHARACTER (1080, 2340) en frost viewport=1624.0 footer=202.0 tail=246.0
ROUND3_CHARACTER (1080, 2340) en volt viewport=1624.0 footer=202.0 tail=246.0
ROUND3_CHARACTER (1320, 2868) zh vanguard viewport=1630.0 footer=202.0 tail=246.0
ROUND3_CHARACTER (1320, 2868) zh blaze viewport=1630.0 footer=202.0 tail=246.0
ROUND3_CHARACTER (1320, 2868) zh frost viewport=1630.0 footer=202.0 tail=246.0
ROUND3_CHARACTER (1320, 2868) zh volt viewport=1630.0 footer=202.0 tail=246.0
ROUND3_CHARACTER (1320, 2868) en vanguard viewport=1630.0 footer=202.0 tail=246.0
ROUND3_CHARACTER (1320, 2868) en blaze viewport=1630.0 footer=202.0 tail=246.0
ROUND3_CHARACTER (1320, 2868) en frost viewport=1630.0 footer=202.0 tail=246.0
ROUND3_CHARACTER (1320, 2868) en volt viewport=1630.0 footer=202.0 tail=246.0
ROUND3_CHARACTER (1080, 2046) zh vanguard viewport=1330.0 footer=202.0 tail=246.0
ROUND3_CHARACTER (1080, 2046) zh blaze viewport=1330.0 footer=202.0 tail=246.0
ROUND3_CHARACTER (1080, 2046) zh frost viewport=1330.0 footer=202.0 tail=246.0
ROUND3_CHARACTER (1080, 2046) zh volt viewport=1330.0 footer=202.0 tail=246.0
ROUND3_CHARACTER (1080, 2046) en vanguard viewport=1330.0 footer=202.0 tail=246.0
ROUND3_CHARACTER (1080, 2046) en blaze viewport=1330.0 footer=202.0 tail=246.0
ROUND3_CHARACTER (1080, 2046) en frost viewport=1330.0 footer=202.0 tail=246.0
ROUND3_CHARACTER (1080, 2046) en volt viewport=1330.0 footer=202.0 tail=246.0
ROUND3_LOADOUT (1080, 1920) zh challenge=false needed=312.0 available=628.0
ROUND3_LOADOUT (1080, 1920) zh challenge=true needed=312.0 available=628.0
ROUND3_LOADOUT (1080, 1920) en challenge=false needed=369.0 available=491.0
ROUND3_LOADOUT (1080, 1920) en challenge=true needed=392.0 available=492.0
ROUND3_LOADOUT (1080, 2340) zh challenge=false needed=312.0 available=628.0
ROUND3_LOADOUT (1080, 2340) zh challenge=true needed=312.0 available=628.0
ROUND3_LOADOUT (1080, 2340) en challenge=false needed=369.0 available=491.0
ROUND3_LOADOUT (1080, 2340) en challenge=true needed=392.0 available=492.0
ROUND3_LOADOUT (1320, 2868) zh challenge=false needed=312.0 available=628.0
ROUND3_LOADOUT (1320, 2868) zh challenge=true needed=312.0 available=628.0
ROUND3_LOADOUT (1320, 2868) en challenge=false needed=369.0 available=491.0
ROUND3_LOADOUT (1320, 2868) en challenge=true needed=392.0 available=492.0
ROUND3_SMOKE_OK
