Recorded generated-cache reference exceptions: 26
- assets/production/contact_sheets/contact_character_active_vfx_2026_07_02.png
- assets/production/contact_sheets/contact_enemy_skill_vfx_2026_07_02.png
- assets/production/contact_sheets/contact_hit_vfx_polish_2026_07_02.png
- assets/production/contact_sheets/contact_level_backgrounds_v2.png
- assets/production/contact_sheets/contact_map_ui_line_polish_2026_07_02.png
- assets/production/contact_sheets/contact_non_shooting_animation_polish_2026_07_01.png
- assets/production/contact_sheets/contact_skeletal_parts_polish_2026_07_01.png
- assets/production/contact_sheets/contact_top_tier_backgrounds_2026_07_01.png
- assets/production/source_refs/generated/app_icon_1024_v2_generated_source.png
- assets/production/source_refs/generated/app_icon_1024_v2_prompt.txt
- assets/production/source_refs/generated/final_p0_launch_source_2026_07_01.png
- assets/production/source_refs/generated/hero_battle_weaponless_sheet.png
- assets/production/source_refs/generated/hero_battle_weaponless_sheet_chroma.png
- assets/production/source_refs/generated/high_end_prototype_asset_spec.json
- assets/production/source_refs/generated/high_end_prototype_contact_sheet.png
- assets/production/source_refs/generated/level_backgrounds_v2_spec.json
- assets/production/source_refs/generated/map_ui_line_polish_spec_2026_07_02.json
- assets/production/source_refs/generated/non_shooting_animation_polish_spec_2026_07_01.json
- assets/production/source_refs/generated/runtime_top_tier_polish_contact_sheet_2026_07_01.png
- assets/production/source_refs/generated/runtime_top_tier_polish_spec_2026_07_01.json
- assets/production/source_refs/generated/skeletal_parts_polish_spec_2026_07_01.json
- assets/production/source_refs/generated/top_tier_background_render_spec_2026_07_01.json
- assets/production/source_refs/generated/top_tier_ui_motion_second_pass_spec_2026_07_02.json
- assets/production/source_refs/generated/user_combat_vfx_reference_sheet_2026_07_02.png
- assets/production/source_refs/generated/user_ui_vfx_reference_sheet_2026_07_02.png
- assets/production/source_refs/generated/weapon_autocannon_machinegun_cutout.png
Recorded generated-sequence metadata exceptions: 8
- assets/production/sprites/animations/character_weapon_combos/char_blaze: generated fused character/weapon frames are selected by runtime filename convention
- assets/production/sprites/animations/character_weapon_combos/char_frost: generated fused character/weapon frames are selected by runtime filename convention
- assets/production/sprites/animations/character_weapon_combos/char_vanguard: generated fused character/weapon frames are selected by runtime filename convention
- assets/production/sprites/animations/character_weapon_combos/char_volt: generated fused character/weapon frames are selected by runtime filename convention
- assets/production/sprites/animations/characters_weaponless/char_blaze: generated weaponless frames are selected by runtime filename convention
- assets/production/sprites/animations/characters_weaponless/char_frost: generated weaponless frames are selected by runtime filename convention
- assets/production/sprites/animations/characters_weaponless/char_vanguard: generated weaponless frames are selected by runtime filename convention
- assets/production/sprites/animations/characters_weaponless/char_volt: generated weaponless frames are selected by runtime filename convention
Recorded generated VFX tail-cache exceptions: 38
- assets/production/sprites/vfx_sequences/vfx_boss_phase: generated trailing frame cache 05-12 is intentionally outside the runtime manifest
- assets/production/sprites/vfx_sequences/vfx_death_dissolve: generated trailing frame cache 09-10 is intentionally outside the runtime manifest
- assets/production/sprites/vfx_sequences/vfx_enemy_skill_armor: generated trailing frame cache 09-12 is intentionally outside the runtime manifest
- assets/production/sprites/vfx_sequences/vfx_enemy_skill_blast: generated trailing frame cache 07-12 is intentionally outside the runtime manifest
- assets/production/sprites/vfx_sequences/vfx_enemy_skill_buff_aura: generated trailing frame cache 08-12 is intentionally outside the runtime manifest
- assets/production/sprites/vfx_sequences/vfx_enemy_skill_charge: generated trailing frame cache 09-12 is intentionally outside the runtime manifest
- assets/production/sprites/vfx_sequences/vfx_enemy_skill_corrosion: generated trailing frame cache 08-12 is intentionally outside the runtime manifest
- assets/production/sprites/vfx_sequences/vfx_enemy_skill_explode_on_death: generated trailing frame cache 07-12 is intentionally outside the runtime manifest
- assets/production/sprites/vfx_sequences/vfx_enemy_skill_juggernaut: generated trailing frame cache 09-12 is intentionally outside the runtime manifest
- assets/production/sprites/vfx_sequences/vfx_enemy_skill_leap_strike: generated trailing frame cache 05-12 is intentionally outside the runtime manifest
- assets/production/sprites/vfx_sequences/vfx_enemy_skill_mutate: generated trailing frame cache 08-12 is intentionally outside the runtime manifest
- assets/production/sprites/vfx_sequences/vfx_enemy_skill_phase: generated trailing frame cache 05-12 is intentionally outside the runtime manifest
- assets/production/sprites/vfx_sequences/vfx_enemy_skill_ranged_spit: generated trailing frame cache 07-12 is intentionally outside the runtime manifest
- assets/production/sprites/vfx_sequences/vfx_enemy_skill_regen: generated trailing frame cache 08-12 is intentionally outside the runtime manifest
- assets/production/sprites/vfx_sequences/vfx_enemy_skill_runner_dash: generated trailing frame cache 05-12 is intentionally outside the runtime manifest
- assets/production/sprites/vfx_sequences/vfx_enemy_skill_shield_aura: generated trailing frame cache 09-12 is intentionally outside the runtime manifest
- assets/production/sprites/vfx_sequences/vfx_enemy_skill_summon: generated trailing frame cache 08-12 is intentionally outside the runtime manifest
- assets/production/sprites/vfx_sequences/vfx_enemy_skill_support_strike: generated trailing frame cache 06-12 is intentionally outside the runtime manifest
- assets/production/sprites/vfx_sequences/vfx_enemy_skill_toxic_cloud: generated trailing frame cache 07-12 is intentionally outside the runtime manifest
- assets/production/sprites/vfx_sequences/vfx_enemy_skill_ward: generated trailing frame cache 09-12 is intentionally outside the runtime manifest
- assets/production/sprites/vfx_sequences/vfx_skill_cast_barrier: generated trailing frame cache 09-12 is intentionally outside the runtime manifest
- assets/production/sprites/vfx_sequences/vfx_skill_cast_charge_shot: generated trailing frame cache 07-12 is intentionally outside the runtime manifest
- assets/production/sprites/vfx_sequences/vfx_skill_cast_critical: generated trailing frame cache 06-12 is intentionally outside the runtime manifest
- assets/production/sprites/vfx_sequences/vfx_skill_cast_cryo: generated trailing frame cache 07-12 is intentionally outside the runtime manifest
- assets/production/sprites/vfx_sequences/vfx_skill_cast_gold_rush: generated trailing frame cache 08-12 is intentionally outside the runtime manifest
- assets/production/sprites/vfx_sequences/vfx_skill_cast_homing: generated trailing frame cache 06-12 is intentionally outside the runtime manifest
- assets/production/sprites/vfx_sequences/vfx_skill_cast_incendiary: generated trailing frame cache 07-12 is intentionally outside the runtime manifest
- assets/production/sprites/vfx_sequences/vfx_skill_cast_multishot: generated trailing frame cache 07-12 is intentionally outside the runtime manifest
- assets/production/sprites/vfx_sequences/vfx_skill_cast_pierce: generated trailing frame cache 07-12 is intentionally outside the runtime manifest
- assets/production/sprites/vfx_sequences/vfx_skill_cast_recycle: generated trailing frame cache 06-12 is intentionally outside the runtime manifest
- assets/production/sprites/vfx_sequences/vfx_skill_cast_ricochet: generated trailing frame cache 07-12 is intentionally outside the runtime manifest
- assets/production/sprites/vfx_sequences/vfx_skill_cast_salvo: generated trailing frame cache 07-12 is intentionally outside the runtime manifest
- assets/production/sprites/vfx_sequences/vfx_skill_cast_slow_field: generated trailing frame cache 08-12 is intentionally outside the runtime manifest
- assets/production/sprites/vfx_sequences/vfx_skill_cast_split_shot: generated trailing frame cache 07-12 is intentionally outside the runtime manifest
- assets/production/sprites/vfx_sequences/vfx_skill_cast_tesla: generated trailing frame cache 07-12 is intentionally outside the runtime manifest
- assets/production/sprites/vfx_sequences/vfx_skill_cast_venom: generated trailing frame cache 07-12 is intentionally outside the runtime manifest
- assets/production/sprites/vfx_sequences/vfx_target_lock: generated trailing frame cache 06-08 is intentionally outside the runtime manifest
- assets/production/sprites/vfx_sequences/vfx_threat_warning: generated trailing frame cache 06-08 is intentionally outside the runtime manifest
Asset pack validation passed: 12102 files
