Running altool at path '/Applications/Xcode-26.4.1.app/Contents/SharedFrameworks/ContentDelivery.framework/Resources/altool'...


=======================
=               BUILD-STATUS: VALID
=              DELIVERY-UUID: 736c42df-6b75-495c-8444-5cff25ce1b05
=        BUILD-AUDIENCE-TYPE: APP_STORE_ELIGIBLE
=            EXPIRATION-DATE: 30/12/26, 12:18:09 AM
=              IMPORT-STATUS: VALID
=    IS-ON-APP-STORE-CONNECT: true
=              UPLOADED-DATE: 1/10/26, 12:18:09 AM
= USES-NON-EXEMPT-ENCRYPTION: false
==================================
====== APP-STORE-ATTRIBUTES ======
	= BUILDAUDIENCETYPE: APP_STORE_ELIGIBLE
	= MINOSVERSION: 15.0
	= EXPIRATIONDATE: expirationDate
	= VERSION: 74
	= EXPIRED: 0
	= COMPUTEDMINVISIONOSVERSION: 1.0
	= ICONASSETTOKEN: {
    height = 120;
    templateUrl = "https://is1-ssl.mzstatic.com/image/thumb/Purple221/v4/9b/57/de/9b57de07-9b06-d918-f606-ca4b5fec01f7/AppIcon60x60@2x.png/{w}x{h}bb.{f}";
    width = 120;
}
	= PROCESSINGSTATE: VALID
	= COMPUTEDMINMACOSVERSION: 12.0
	= UPLOADEDDATE: uploadedDate
	= USESNONEXEMPTENCRYPTION: 0
=======================
