Godot Engine v4.7.stable.official.5b4e0cb0f - https://godotengine.org

CHAPTER_GEOMETRY default (1080, 1920) zh header=310.0 stage001=192.0
CHAPTER_LAYOUT default (1080, 1920) zh checked
CHAPTER_GEOMETRY default (1080, 1920) en header=310.0 stage001=274.0
CHAPTER_LAYOUT default (1080, 1920) en checked
CHAPTER_GEOMETRY default (1320, 2868) zh header=310.0 stage001=192.0
CHAPTER_LAYOUT default (1320, 2868) zh checked
CHAPTER_GEOMETRY default (1320, 2868) en header=310.0 stage001=274.0
CHAPTER_LAYOUT default (1320, 2868) en checked
CHAPTER_GEOMETRY default (750, 1334) zh header=310.0 stage001=192.0
CHAPTER_LAYOUT default (750, 1334) zh checked
CHAPTER_GEOMETRY default (750, 1334) en header=310.0 stage001=274.0
CHAPTER_LAYOUT default (750, 1334) en checked
CHAPTER_GEOMETRY neon_tempest (1080, 1920) zh header=310.0 stage001=192.0
CHAPTER_LAYOUT neon_tempest (1080, 1920) zh checked
CHAPTER_GEOMETRY neon_tempest (1080, 1920) en header=310.0 stage001=274.0
CHAPTER_LAYOUT neon_tempest (1080, 1920) en checked
CHAPTER_GEOMETRY neon_tempest (1320, 2868) zh header=310.0 stage001=192.0
CHAPTER_LAYOUT neon_tempest (1320, 2868) zh checked
CHAPTER_GEOMETRY neon_tempest (1320, 2868) en header=310.0 stage001=274.0
CHAPTER_LAYOUT neon_tempest (1320, 2868) en checked
CHAPTER_GEOMETRY neon_tempest (750, 1334) zh header=310.0 stage001=192.0
CHAPTER_LAYOUT neon_tempest (750, 1334) zh checked
CHAPTER_GEOMETRY neon_tempest (750, 1334) en header=310.0 stage001=274.0
CHAPTER_LAYOUT neon_tempest (750, 1334) en checked
CHAPTER_GEOMETRY infernal_dominion (1080, 1920) zh header=310.0 stage001=192.0
CHAPTER_LAYOUT infernal_dominion (1080, 1920) zh checked
CHAPTER_GEOMETRY infernal_dominion (1080, 1920) en header=310.0 stage001=274.0
CHAPTER_LAYOUT infernal_dominion (1080, 1920) en checked
CHAPTER_GEOMETRY infernal_dominion (1320, 2868) zh header=310.0 stage001=192.0
CHAPTER_LAYOUT infernal_dominion (1320, 2868) zh checked
CHAPTER_GEOMETRY infernal_dominion (1320, 2868) en header=310.0 stage001=274.0
CHAPTER_LAYOUT infernal_dominion (1320, 2868) en checked
CHAPTER_GEOMETRY infernal_dominion (750, 1334) zh header=310.0 stage001=192.0
CHAPTER_LAYOUT infernal_dominion (750, 1334) zh checked
CHAPTER_GEOMETRY infernal_dominion (750, 1334) en header=310.0 stage001=274.0
CHAPTER_LAYOUT infernal_dominion (750, 1334) en checked
CHAPTER_GEOMETRY polar_aurora (1080, 1920) zh header=310.0 stage001=192.0
CHAPTER_LAYOUT polar_aurora (1080, 1920) zh checked
CHAPTER_GEOMETRY polar_aurora (1080, 1920) en header=310.0 stage001=274.0
CHAPTER_LAYOUT polar_aurora (1080, 1920) en checked
CHAPTER_GEOMETRY polar_aurora (1320, 2868) zh header=310.0 stage001=192.0
CHAPTER_LAYOUT polar_aurora (1320, 2868) zh checked
CHAPTER_GEOMETRY polar_aurora (1320, 2868) en header=310.0 stage001=274.0
CHAPTER_LAYOUT polar_aurora (1320, 2868) en checked
CHAPTER_GEOMETRY polar_aurora (750, 1334) zh header=310.0 stage001=192.0
CHAPTER_LAYOUT polar_aurora (750, 1334) zh checked
CHAPTER_GEOMETRY polar_aurora (750, 1334) en header=310.0 stage001=274.0
CHAPTER_LAYOUT polar_aurora (750, 1334) en checked
CHAPTER_GEOMETRY gilded_eclipse (1080, 1920) zh header=310.0 stage001=192.0
CHAPTER_LAYOUT gilded_eclipse (1080, 1920) zh checked
CHAPTER_GEOMETRY gilded_eclipse (1080, 1920) en header=310.0 stage001=274.0
CHAPTER_LAYOUT gilded_eclipse (1080, 1920) en checked
CHAPTER_GEOMETRY gilded_eclipse (1320, 2868) zh header=310.0 stage001=192.0
CHAPTER_LAYOUT gilded_eclipse (1320, 2868) zh checked
CHAPTER_GEOMETRY gilded_eclipse (1320, 2868) en header=310.0 stage001=274.0
CHAPTER_LAYOUT gilded_eclipse (1320, 2868) en checked
CHAPTER_GEOMETRY gilded_eclipse (750, 1334) zh header=310.0 stage001=192.0
CHAPTER_LAYOUT gilded_eclipse (750, 1334) zh checked
CHAPTER_GEOMETRY gilded_eclipse (750, 1334) en header=310.0 stage001=274.0
CHAPTER_LAYOUT gilded_eclipse (750, 1334) en checked
Chapter layout regression: 2970 stages, 0 failures
