Godot Engine v4.7.stable.official.5b4e0cb0f - https://godotengine.org

[   0% ] [90m[1mfirst_scan_filesystem[22m | Started 项目初始化 (5 steps)[39m[0m
[   0% ] [90m[1mfirst_scan_filesystem[22m | 正在扫描文件结构……[39m[0m
[  16% ] [90m[1mfirst_scan_filesystem[22m | 正在加载全局类名……[39m[0m
[  33% ] [90m[1mfirst_scan_filesystem[22m | 正在校验 GDExtension……[39m[0m
[  50% ] [90m[1mfirst_scan_filesystem[22m | 正在创建自动加载脚本……[39m[0m
[  66% ] [90m[1mfirst_scan_filesystem[22m | 正在初始化插件……[39m[0m
[  83% ] [90m[1mfirst_scan_filesystem[22m | 正在启动文件扫描……[39m[0m
[92m[ DONE ][39m [1mfirst_scan_filesystem[22m
[0m
[   0% ] [90m[1mupdate_scripts_classes[22m | Started 正在注册全局类…… (5 steps)[39m[0m
[   0% ] [90m[1mupdate_scripts_classes[22m | [39m[0m
[  16% ] [90m[1mupdate_scripts_classes[22m | [39m[0m
[  33% ] [90m[1mupdate_scripts_classes[22m | [39m[0m
[  50% ] [90m[1mupdate_scripts_classes[22m | CombatVfxArt[39m[0m
[  66% ] [90m[1mupdate_scripts_classes[22m | VfxLib[39m[0m
[92m[ DONE ][39m [1mupdate_scripts_classes[22m
[0m
[   0% ] [90m[1m_update_scan_actions[22m | Started 正在扫描动作…… (43 steps)[39m[0m
[   0% ] [90m[1m_update_scan_actions[22m | energy_impacts.png[39m[0m
[   2% ] [90m[1m_update_scan_actions[22m | material_impacts.png[39m[0m
[   4% ] [90m[1m_update_scan_actions[22m | material_ribbons.png[39m[0m
[   6% ] [90m[1m_update_scan_actions[22m | bosses_inspection.png[39m[0m
[   9% ] [90m[1m_update_scan_actions[22m | boss_apex_overlord_authored.png[39m[0m
[  11% ] [90m[1m_update_scan_actions[22m | boss_apex_overlord_contact.png[39m[0m
[  13% ] [90m[1m_update_scan_actions[22m | boss_frost_warden_authored.png[39m[0m
[  15% ] [90m[1m_update_scan_actions[22m | boss_frost_warden_contact.png[39m[0m
[  18% ] [90m[1m_update_scan_actions[22m | boss_frost_warden_route.png[39m[0m
[  20% ] [90m[1m_update_scan_actions[22m | boss_inferno_maw_authored.png[39m[0m
[  22% ] [90m[1m_update_scan_actions[22m | boss_inferno_maw_contact.png[39m[0m
[  25% ] [90m[1m_update_scan_actions[22m | boss_necrotitan_authored.png[39m[0m
[  27% ] [90m[1m_update_scan_actions[22m | boss_necrotitan_contact.png[39m[0m
[  29% ] [90m[1m_update_scan_actions[22m | boss_plague_mother_authored.png[39m[0m
[  31% ] [90m[1m_update_scan_actions[22m | boss_plague_mother_contact.png[39m[0m
[  34% ] [90m[1m_update_scan_actions[22m | boss_storm_caller_authored.png[39m[0m
[  36% ] [90m[1m_update_scan_actions[22m | boss_storm_caller_contact.png[39m[0m
[  38% ] [90m[1m_update_scan_actions[22m | boss_tank_titan_authored.png[39m[0m
[  40% ] [90m[1m_update_scan_actions[22m | boss_tank_titan_contact.png[39m[0m
[  43% ] [90m[1m_update_scan_actions[22m | boss_void_phantom_authored.png[39m[0m
[  45% ] [90m[1m_update_scan_actions[22m | boss_void_phantom_contact.png[39m[0m
[  47% ] [90m[1m_update_scan_actions[22m | zombies_inspection.png[39m[0m
[  50% ] [90m[1m_update_scan_actions[22m | zombie_armored_contact.png[39m[0m
[  52% ] [90m[1m_update_scan_actions[22m | zombie_berserker_contact.png[39m[0m
[  54% ] [90m[1m_update_scan_actions[22m | zombie_bomber_contact.png[39m[0m
[  56% ] [90m[1m_update_scan_actions[22m | zombie_brute_contact.png[39m[0m
[  59% ] [90m[1m_update_scan_actions[22m | zombie_charger_contact.png[39m[0m
[  61% ] [90m[1m_update_scan_actions[22m | zombie_crawler_contact.png[39m[0m
[  63% ] [90m[1m_update_scan_actions[22m | zombie_hopper_contact.png[39m[0m
[  65% ] [90m[1m_update_scan_actions[22m | zombie_juggernaut_contact.png[39m[0m
[  68% ] [90m[1m_update_scan_actions[22m | zombie_mutant_contact.png[39m[0m
[  70% ] [90m[1m_update_scan_actions[22m | zombie_necromancer_contact.png[39m[0m
[  72% ] [90m[1m_update_scan_actions[22m | zombie_phantom_contact.png[39m[0m
[  75% ] [90m[1m_update_scan_actions[22m | zombie_regenerator_contact.png[39m[0m
[  77% ] [90m[1m_update_scan_actions[22m | zombie_runner_contact.png[39m[0m
[  79% ] [90m[1m_update_scan_actions[22m | zombie_screamer_contact.png[39m[0m
[  81% ] [90m[1m_update_scan_actions[22m | zombie_shambler_contact.png[39m[0m
[  84% ] [90m[1m_update_scan_actions[22m | zombie_shielder_contact.png[39m[0m
[  86% ] [90m[1m_update_scan_actions[22m | zombie_spitter_contact.png[39m[0m
[  88% ] [90m[1m_update_scan_actions[22m | zombie_spitter_route.png[39m[0m
[  90% ] [90m[1m_update_scan_actions[22m | zombie_splitter_contact.png[39m[0m
[  93% ] [90m[1m_update_scan_actions[22m | zombie_toxic_contact.png[39m[0m
[  95% ] [90m[1m_update_scan_actions[22m | zombie_warden_contact.png[39m[0m
[92m[ DONE ][39m [1m_update_scan_actions[22m
[0m
[   0% ] [90m[1mreimport[22m | Started 正在导入或重新导入资产 (43 steps)[39m[0m
[   0% ] [90m[1mreimport[22m | 正在准备重新导入文件……[39m[0m
[   2% ] [90m[1mreimport[22m | 正在准备重新导入文件……[39m[0m
[   4% ] [90m[1mreimport[22m | 正在准备重新导入文件……[39m[0m
[   6% ] [90m[1mreimport[22m | 正在准备重新导入文件……[39m[0m
[   9% ] [90m[1mreimport[22m | 正在准备重新导入文件……[39m[0m
[  11% ] [90m[1mreimport[22m | 正在准备重新导入文件……[39m[0m
[  13% ] [90m[1mreimport[22m | 正在准备重新导入文件……[39m[0m
[  15% ] [90m[1mreimport[22m | 正在准备重新导入文件……[39m[0m
[  18% ] [90m[1mreimport[22m | 正在准备重新导入文件……[39m[0m
[  20% ] [90m[1mreimport[22m | 正在准备重新导入文件……[39m[0m
[  22% ] [90m[1mreimport[22m | 正在准备重新导入文件……[39m[0m
[  25% ] [90m[1mreimport[22m | 正在准备重新导入文件……[39m[0m
[  27% ] [90m[1mreimport[22m | 正在准备重新导入文件……[39m[0m
[  29% ] [90m[1mreimport[22m | 正在准备重新导入文件……[39m[0m
[  31% ] [90m[1mreimport[22m | 正在准备重新导入文件……[39m[0m
[  34% ] [90m[1mreimport[22m | 正在准备重新导入文件……[39m[0m
[  36% ] [90m[1mreimport[22m | 正在准备重新导入文件……[39m[0m
[  38% ] [90m[1mreimport[22m | 正在准备重新导入文件……[39m[0m
[  40% ] [90m[1mreimport[22m | 正在准备重新导入文件……[39m[0m
[  43% ] [90m[1mreimport[22m | 正在准备重新导入文件……[39m[0m
[  45% ] [90m[1mreimport[22m | 正在准备重新导入文件……[39m[0m
[  47% ] [90m[1mreimport[22m | 正在准备重新导入文件……[39m[0m
[  50% ] [90m[1mreimport[22m | 正在准备重新导入文件……[39m[0m
[  52% ] [90m[1mreimport[22m | 正在准备重新导入文件……[39m[0m
[  54% ] [90m[1mreimport[22m | 正在准备重新导入文件……[39m[0m
[  56% ] [90m[1mreimport[22m | 正在准备重新导入文件……[39m[0m
[  59% ] [90m[1mreimport[22m | 正在准备重新导入文件……[39m[0m
[  61% ] [90m[1mreimport[22m | 正在准备重新导入文件……[39m[0m
[  63% ] [90m[1mreimport[22m | 正在准备重新导入文件……[39m[0m
[  65% ] [90m[1mreimport[22m | 正在准备重新导入文件……[39m[0m
[  68% ] [90m[1mreimport[22m | 正在准备重新导入文件……[39m[0m
[  70% ] [90m[1mreimport[22m | 正在准备重新导入文件……[39m[0m
[  72% ] [90m[1mreimport[22m | 正在准备重新导入文件……[39m[0m
[  75% ] [90m[1mreimport[22m | 正在准备重新导入文件……[39m[0m
[  77% ] [90m[1mreimport[22m | 正在准备重新导入文件……[39m[0m
[  79% ] [90m[1mreimport[22m | 正在准备重新导入文件……[39m[0m
[  81% ] [90m[1mreimport[22m | 正在准备重新导入文件……[39m[0m
[  84% ] [90m[1mreimport[22m | 正在准备重新导入文件……[39m[0m
[  86% ] [90m[1mreimport[22m | 正在准备重新导入文件……[39m[0m
[  88% ] [90m[1mreimport[22m | 正在准备重新导入文件……[39m[0m
[  90% ] [90m[1mreimport[22m | 正在准备重新导入文件……[39m[0m
[  93% ] [90m[1mreimport[22m | 正在准备重新导入文件……[39m[0m
[  95% ] [90m[1mreimport[22m | 正在准备重新导入文件……[39m[0m
[   0% ] [90m[1mreimport[22m | 正在执行重新导入的前置操作……[39m[0m
[   0% ] [90m[1mreimport[22m | zombie_armored_contact.png[39m[0m
[   2% ] [90m[1mreimport[22m | zombie_berserker_contact.png[39m[0m
[   4% ] [90m[1mreimport[22m | zombie_bomber_contact.png[39m[0m
[   6% ] [90m[1mreimport[22m | zombie_brute_contact.png[39m[0m
[   9% ] [90m[1mreimport[22m | zombie_charger_contact.png[39m[0m
[  11% ] [90m[1mreimport[22m | zombie_crawler_contact.png[39m[0m
[  13% ] [90m[1mreimport[22m | zombie_hopper_contact.png[39m[0m
[  15% ] [90m[1mreimport[22m | zombie_juggernaut_contact.png[39m[0m
[  18% ] [90m[1mreimport[22m | zombie_mutant_contact.png[39m[0m
[  20% ] [90m[1mreimport[22m | zombie_necromancer_contact.png[39m[0m
[  22% ] [90m[1mreimport[22m | zombie_phantom_contact.png[39m[0m
[  25% ] [90m[1mreimport[22m | zombie_regenerator_contact.png[39m[0m
[  27% ] [90m[1mreimport[22m | zombie_runner_contact.png[39m[0m
[  29% ] [90m[1mreimport[22m | zombie_screamer_contact.png[39m[0m
[  31% ] [90m[1mreimport[22m | zombie_shambler_contact.png[39m[0m
[  34% ] [90m[1mreimport[22m | zombie_shielder_contact.png[39m[0m
[  36% ] [90m[1mreimport[22m | zombie_spitter_contact.png[39m[0m
[  38% ] [90m[1mreimport[22m | zombie_spitter_route.png[39m[0m
[  40% ] [90m[1mreimport[22m | zombie_splitter_contact.png[39m[0m
[  43% ] [90m[1mreimport[22m | zombie_toxic_contact.png[39m[0m
[  45% ] [90m[1mreimport[22m | zombie_warden_contact.png[39m[0m
[  47% ] [90m[1mreimport[22m | energy_impacts.png[39m[0m
[  50% ] [90m[1mreimport[22m | material_impacts.png[39m[0m
[  52% ] [90m[1mreimport[22m | material_ribbons.png[39m[0m
[  54% ] [90m[1mreimport[22m | bosses_inspection.png[39m[0m
[  56% ] [90m[1mreimport[22m | boss_apex_overlord_authored.png[39m[0m
[  59% ] [90m[1mreimport[22m | boss_apex_overlord_contact.png[39m[0m
[  61% ] [90m[1mreimport[22m | boss_frost_warden_authored.png[39m[0m
[  63% ] [90m[1mreimport[22m | boss_frost_warden_contact.png[39m[0m
[  65% ] [90m[1mreimport[22m | boss_frost_warden_route.png[39m[0m
[  68% ] [90m[1mreimport[22m | boss_inferno_maw_authored.png[39m[0m
[  70% ] [90m[1mreimport[22m | boss_inferno_maw_contact.png[39m[0m
[  72% ] [90m[1mreimport[22m | boss_necrotitan_authored.png[39m[0m
[  75% ] [90m[1mreimport[22m | boss_necrotitan_contact.png[39m[0m
[  77% ] [90m[1mreimport[22m | boss_plague_mother_authored.png[39m[0m
[  79% ] [90m[1mreimport[22m | boss_plague_mother_contact.png[39m[0m
[  81% ] [90m[1mreimport[22m | boss_storm_caller_authored.png[39m[0m
[  84% ] [90m[1mreimport[22m | boss_storm_caller_contact.png[39m[0m
[  86% ] [90m[1mreimport[22m | boss_tank_titan_authored.png[39m[0m
[  88% ] [90m[1mreimport[22m | boss_tank_titan_contact.png[39m[0m
[  90% ] [90m[1mreimport[22m | boss_void_phantom_authored.png[39m[0m
[  93% ] [90m[1mreimport[22m | boss_void_phantom_contact.png[39m[0m
[  95% ] [90m[1mreimport[22m | zombies_inspection.png[39m[0m
[  97% ] [90m[1mreimport[22m | 正在结束资产导入……[39m[0m
[92m[ DONE ][39m [1mreimport[22m
[0m
[   0% ] [90m[1mreimport[22m | Started 正在导入或重新导入资产 (43 steps)[39m[0m
[   0% ] [90m[1mreimport[22m | 正在执行重新导入的后置操作……[39m[0m
[92m[ DONE ][39m [1mreimport[22m
[0m
[   0% ] [90m[1mloading_editor_layout[22m | Started 正在加载编辑器 (5 steps)[39m[0m
[   0% ] [90m[1mloading_editor_layout[22m | 正在加载编辑器布局……[39m[0m
[  16% ] [90m[1mloading_editor_layout[22m | 正在加载停靠面板……[39m[0m
[  33% ] [90m[1mloading_editor_layout[22m | 正在重新打开场景……[39m[0m
[  50% ] [90m[1mloading_editor_layout[22m | 正在加载中央编辑器布局……[39m[0m
[  66% ] [90m[1mloading_editor_layout[22m | 正在加载插件窗口布局……[39m[0m
[  83% ] [90m[1mloading_editor_layout[22m | 编辑器布局就绪。[39m[0m
[92m[ DONE ][39m [1mloading_editor_layout[22m
[0m
