[isolated-godot] /tmp/zf-loadout-layout.slbtM1/runtime-2vow1slu
Godot Engine v4.7.stable.official.5b4e0cb0f - https://godotengine.org
OpenGL API 4.1 Metal - 90.5 - Compatibility - Using Device: Apple - Apple M5 Max

BASE_ATTACK_FEEDBACK captured zombie_shambler
BASE_ATTACK_FEEDBACK captured zombie_runner
BASE_ATTACK_FEEDBACK captured zombie_brute
BASE_ATTACK_FEEDBACK captured zombie_bomber
BASE_ATTACK_FEEDBACK captured zombie_screamer
BASE_ATTACK_FEEDBACK captured zombie_spitter
BASE_ATTACK_FEEDBACK captured zombie_crawler
BASE_ATTACK_FEEDBACK captured zombie_armored
BASE_ATTACK_FEEDBACK captured zombie_shielder
BASE_ATTACK_FEEDBACK captured zombie_hopper
BASE_ATTACK_FEEDBACK captured zombie_juggernaut
BASE_ATTACK_FEEDBACK captured zombie_phantom
BASE_ATTACK_FEEDBACK captured zombie_necromancer
BASE_ATTACK_FEEDBACK captured zombie_toxic
BASE_ATTACK_FEEDBACK captured zombie_charger
BASE_ATTACK_FEEDBACK captured zombie_regenerator
BASE_ATTACK_FEEDBACK captured zombie_splitter
BASE_ATTACK_FEEDBACK captured zombie_warden
BASE_ATTACK_FEEDBACK captured zombie_mutant
BASE_ATTACK_FEEDBACK captured zombie_berserker
BASE_ATTACK_FEEDBACK captured boss_tank_titan
BASE_ATTACK_FEEDBACK captured boss_inferno_maw
BASE_ATTACK_FEEDBACK captured boss_frost_warden
BASE_ATTACK_FEEDBACK captured boss_storm_caller
BASE_ATTACK_FEEDBACK captured boss_plague_mother
BASE_ATTACK_FEEDBACK captured boss_void_phantom
BASE_ATTACK_FEEDBACK captured boss_necrotitan
BASE_ATTACK_FEEDBACK captured boss_apex_overlord
BASE_ATTACK_FEEDBACK authored boss_tank_titan
BASE_ATTACK_FEEDBACK authored boss_inferno_maw
BASE_ATTACK_FEEDBACK authored boss_frost_warden
BASE_ATTACK_FEEDBACK authored boss_storm_caller
BASE_ATTACK_FEEDBACK authored boss_plague_mother
BASE_ATTACK_FEEDBACK authored boss_void_phantom
BASE_ATTACK_FEEDBACK authored boss_necrotitan
BASE_ATTACK_FEEDBACK authored boss_apex_overlord
BASE_ATTACK_FEEDBACK_AUDIT checks=82 failures=0
BASE_ATTACK_FEEDBACK_AUDIT PASSED
